[05:38:49] Ignoring exception at CommandNotFound. Details: This command does not exist.
[05:43:47] Ignoring exception at CommandNotFound. Details: This command does not exist.
[07:28:15] Ignoring exception at CommandNotFound. Details: This command does not exist.
[07:28:15] Ignoring exception at CommandNotFound. Details: This command does not exist.
[07:28:15] Ignoring exception at CommandNotFound. Details: This command does not exist.
[08:08:54] Ignoring exception at CommandNotFound. Details: This command does not exist.
[08:08:54] Ignoring exception at CommandNotFound. Details: This command does not exist.
[09:46:20] Ignoring exception at CommandNotFound. Details: This command does not exist.
[09:58:02] Ignoring exception at CommandOnCooldown. Details: This command is currently on cooldown.
[10:00:26] Ignoring exception at CommandNotFound. Details: This command does not exist.
[08:32:24] Ignoring exception at CommandNotFound. Details: This command does not exist.
[08:32:24] Ignoring exception at CommandOnCooldown. Details: This command is currently on cooldown.
[08:32:24] Ignoring exception at CommandOnCooldown. Details: This command is currently on cooldown.
[08:32:24] Ignoring exception at CommandOnCooldown. Details: This command is currently on cooldown.
[08:32:24] Ignoring exception at CommandOnCooldown. Details: This command is currently on cooldown.
[08:32:24] Ignoring exception at CommandOnCooldown. Details: This command is currently on cooldown.
[11:17:18] Ignoring exception at CommandNotFound. Details: This command does not exist.
[11:29:38] Ignoring exception at CommandNotFound. Details: This command does not exist.
[16:28:45] Ignoring exception at CommandNotFound. Details: This command does not exist.
[16:28:45] Ignoring exception at CommandNotFound. Details: This command does not exist.
[16:28:45] Ignoring exception at CommandOnCooldown. Details: This command is currently on cooldown.
[16:28:45] Ignoring exception at CommandNotFound. Details: This command does not exist.
[16:28:45] Ignoring exception at CommandOnCooldown. Details: This command is currently on cooldown.
[16:28:45] Ignoring exception at CommandOnCooldown. Details: This command is currently on cooldown.
[16:28:45] Ignoring exception at CommandNotFound. Details: This command does not exist.
[16:28:45] Ignoring exception at CommandNotFound. Details: This command does not exist.
[16:28:45] Ignoring exception at CommandNotFound. Details: This command does not exist.
[09:45:35] Ignoring exception at CommandOnCooldown. Details: This command is currently on cooldown.
[23:20:43] Ignoring exception at CommandNotFound. Details: This command does not exist.
[23:20:43] Ignoring exception at CommandOnCooldown. Details: This command is currently on cooldown.
[06:09:50] Ignoring exception at CommandNotFound. Details: This command does not exist.
[00:00:02] Ignoring exception at CommandNotFound. Details: This command does not exist.
[11:20:16] Ignoring exception at CommandNotFound. Details: This command does not exist.
[11:20:16] Ignoring exception at CommandNotFound. Details: This command does not exist.
[11:20:16] Ignoring exception at CommandNotFound. Details: This command does not exist.
[22:40:10] Ignoring exception at CommandNotFound. Details: This command does not exist.
[22:40:10] Ignoring exception at CommandNotFound. Details: This command does not exist.
[22:40:10] Ignoring exception at CommandNotFound. Details: This command does not exist.
[22:40:10] Ignoring exception at CommandNotFound. Details: This command does not exist.
[22:40:10] Ignoring exception at CommandNotFound. Details: This command does not exist.
[23:38:11] Ignoring exception at CommandNotFound. Details: This command does not exist.
[23:38:11] Ignoring exception at CommandNotFound. Details: This command does not exist.
[23:38:11] Ignoring exception at CommandNotFound. Details: This command does not exist.
[23:38:11] Ignoring exception at CommandNotFound. Details: This command does not exist.
[23:38:11] Ignoring exception at CommandNotFound. Details: This command does not exist.
[05:21:59] Ignoring exception at CommandNotFound. Details: This command does not exist.
[05:21:59] Ignoring exception at CommandNotFound. Details: This command does not exist.
[05:21:59] Ignoring exception at CommandNotFound. Details: This command does not exist.
[05:21:59] Ignoring exception at CommandNotFound. Details: This command does not exist.
[05:21:59] Ignoring exception at CommandNotFound. Details: This command does not exist.
[05:21:59] Ignoring exception at CommandNotFound. Details: This command does not exist.
[05:21:59] Ignoring exception at CommandNotFound. Details: This command does not exist.
[05:21:59] Ignoring exception at CommandNotFound. Details: This command does not exist.
[05:21:59] Ignoring exception at CommandNotFound. Details: This command does not exist.
[05:21:59] Ignoring exception at CommandNotFound. Details: This command does not exist.
[05:21:59] Ignoring exception at CommandNotFound. Details: This command does not exist.
[05:21:59] Ignoring exception at CommandNotFound. Details: This command does not exist.
[05:21:59] Ignoring exception at CommandNotFound. Details: This command does not exist.
[23:43:39] Ignoring exception at CommandNotFound. Details: This command does not exist.
[23:43:39] Ignoring exception at CommandNotFound. Details: This command does not exist.
[23:43:39] Ignoring exception at CommandNotFound. Details: This command does not exist.
[23:43:39] Ignoring exception at CommandOnCooldown. Details: This command is currently on cooldown.
[04:21:47] Ignoring exception at CommandNotFound. Details: This command does not exist.
[04:21:47] Ignoring exception at CommandNotFound. Details: This command does not exist.
[04:21:47] Ignoring exception at CommandOnCooldown. Details: This command is currently on cooldown.
[04:21:47] Ignoring exception at CommandNotFound. Details: This command does not exist.
[06:01:42] Ignoring exception at CommandNotFound. Details: This command does not exist.
[06:01:42] Ignoring exception at CommandNotFound. Details: This command does not exist.
[06:01:42] Ignoring exception at CommandNotFound. Details: This command does not exist.
[06:01:42] Ignoring exception at CommandNotFound. Details: This command does not exist.
[06:01:42] Ignoring exception at CommandNotFound. Details: This command does not exist.
[07:50:07] Ignoring exception at CommandNotFound. Details: This command does not exist.
[07:50:07] Ignoring exception at CommandNotFound. Details: This command does not exist.
[07:50:07] Ignoring exception at CommandOnCooldown. Details: This command is currently on cooldown.
[12:22:19] Ignoring exception at CommandNotFound. Details: This command does not exist.
[13:17:18] Ignoring exception at CommandNotFound. Details: This command does not exist.
[13:17:18] Ignoring exception at CommandNotFound. Details: This command does not exist.
[13:17:18] Ignoring exception at CommandNotFound. Details: This command does not exist.
[06:19:42] Ignoring exception at CommandNotFound. Details: This command does not exist.
[06:19:42] Ignoring exception at CommandNotFound. Details: This command does not exist.
[06:19:42] Ignoring exception at CommandNotFound. Details: This command does not exist.
[06:19:42] Ignoring exception at CommandNotFound. Details: This command does not exist.
[06:19:42] Ignoring exception at CommandNotFound. Details: This command does not exist.
[06:19:42] Ignoring exception at CommandNotFound. Details: This command does not exist.
[06:19:42] Ignoring exception at CommandNotFound. Details: This command does not exist.
[06:19:42] Ignoring exception at CommandNotFound. Details: This command does not exist.
[06:19:42] Ignoring exception at CommandNotFound. Details: This command does not exist.
[06:19:42] Ignoring exception at CommandNotFound. Details: This command does not exist.
[06:19:42] Ignoring exception at CommandNotFound. Details: This command does not exist.
[07:56:58] Ignoring exception at CommandNotFound. Details: This command does not exist.
[07:56:58] Ignoring exception at CommandNotFound. Details: This command does not exist.
[07:56:58] Ignoring exception at CommandNotFound. Details: This command does not exist.
[07:56:58] Ignoring exception at CommandNotFound. Details: This command does not exist.
[07:56:58] Ignoring exception at CommandNotFound. Details: This command does not exist.
[07:56:58] Ignoring exception at CommandNotFound. Details: This command does not exist.
[07:56:58] Ignoring exception at CommandNotFound. Details: This command does not exist.
[07:56:58] Ignoring exception at CommandNotFound. Details: This command does not exist.
[07:56:58] Ignoring exception at CommandNotFound. Details: This command does not exist.
[07:56:58] Ignoring exception at CommandNotFound. Details: This command does not exist.
[07:56:58] Ignoring exception at CommandNotFound. Details: This command does not exist.
[07:56:58] Ignoring exception at CommandNotFound. Details: This command does not exist.
[07:56:58] Ignoring exception at CommandNotFound. Details: This command does not exist.
[07:56:58] Ignoring exception at CommandNotFound. Details: This command does not exist.
[07:56:58] Ignoring exception at CommandNotFound. Details: This command does not exist.
[03:45:37] Ignoring exception at CommandNotFound. Details: This command does not exist.
[06:18:23] Ignoring exception at CommandNotFound. Details: This command does not exist.
[06:18:23] Ignoring exception at CommandNotFound. Details: This command does not exist.
[14:00:40] Ignoring exception at CommandNotFound. Details: This command does not exist.
[14:00:40] Ignoring exception at CommandNotFound. Details: This command does not exist.
[14:00:40] Ignoring exception at CommandNotFound. Details: This command does not exist.
[14:00:40] Ignoring exception at CommandNotFound. Details: This command does not exist.
[17:15:16] Ignoring exception at CommandNotFound. Details: This command does not exist.
[17:15:16] Ignoring exception at CommandNotFound. Details: This command does not exist.
[17:15:16] Ignoring exception at CommandNotFound. Details: This command does not exist.
[17:15:16] Ignoring exception at CommandNotFound. Details: This command does not exist.
[17:15:16] Ignoring exception at CommandNotFound. Details: This command does not exist.
[04:29:00] Ignoring exception at CommandNotFound. Details: This command does not exist.
[04:29:00] Ignoring exception at CommandNotFound. Details: This command does not exist.
[04:29:00] Ignoring exception at CommandNotFound. Details: This command does not exist.
[04:29:00] Ignoring exception at CommandNotFound. Details: This command does not exist.
[04:29:00] Ignoring exception at CommandNotFound. Details: This command does not exist.
[04:29:00] Ignoring exception at CommandNotFound. Details: This command does not exist.
[14:35:33] Ignoring exception at CommandNotFound. Details: This command does not exist.
[08:23:37] Ignoring exception at CommandNotFound. Details: This command does not exist.
[08:23:37] Ignoring exception at CommandNotFound. Details: This command does not exist.
[08:23:37] Ignoring exception at CommandOnCooldown. Details: This command is currently on cooldown.
[08:23:37] Ignoring exception at CommandOnCooldown. Details: This command is currently on cooldown.
[08:23:37] Ignoring exception at CommandOnCooldown. Details: This command is currently on cooldown.
[08:23:37] Ignoring exception at CommandOnCooldown. Details: This command is currently on cooldown.
[08:23:37] Ignoring exception at CommandOnCooldown. Details: This command is currently on cooldown.
[08:23:37] Ignoring exception at CommandOnCooldown. Details: This command is currently on cooldown.
[08:23:37] Ignoring exception at CommandOnCooldown. Details: This command is currently on cooldown.
[08:23:37] Ignoring exception at CommandNotFound. Details: This command does not exist.
[08:23:37] Ignoring exception at CommandNotFound. Details: This command does not exist.
[08:23:37] Ignoring exception at CommandNotFound. Details: This command does not exist.
[08:23:37] Ignoring exception at CommandNotFound. Details: This command does not exist.
[08:23:37] Ignoring exception at CommandNotFound. Details: This command does not exist.
[08:23:37] Ignoring exception at CommandNotFound. Details: This command does not exist.
[08:23:37] Ignoring exception at CommandNotFound. Details: This command does not exist.
[08:23:37] Ignoring exception at CommandNotFound. Details: This command does not exist.
[08:23:37] Ignoring exception at CommandNotFound. Details: This command does not exist.
[08:23:37] Ignoring exception at CommandOnCooldown. Details: This command is currently on cooldown.
[08:23:37] Ignoring exception at CommandNotFound. Details: This command does not exist.
[08:23:37] Ignoring exception at CommandNotFound. Details: This command does not exist.
[08:23:37] Ignoring exception at CommandNotFound. Details: This command does not exist.
[08:23:37] Ignoring exception at CommandOnCooldown. Details: This command is currently on cooldown.
[08:23:37] Ignoring exception at CommandNotFound. Details: This command does not exist.
[08:23:37] Ignoring exception at CommandNotFound. Details: This command does not exist.
[08:23:37] Ignoring exception at CommandNotFound. Details: This command does not exist.
[04:46:12] Ignoring exception at CommandNotFound. Details: This command does not exist.
[01:13:01] Ignoring exception at CommandNotFound. Details: This command does not exist.
[16:54:50] Ignoring exception at CommandNotFound. Details: This command does not exist.
[16:54:50] Ignoring exception at CommandNotFound. Details: This command does not exist.
[16:54:50] Ignoring exception at CommandNotFound. Details: This command does not exist.
[16:54:50] Ignoring exception at CommandNotFound. Details: This command does not exist.
[16:54:50] Ignoring exception at CommandNotFound. Details: This command does not exist.
[16:54:50] Ignoring exception at CommandOnCooldown. Details: This command is currently on cooldown.
[16:54:50] Ignoring exception at CommandOnCooldown. Details: This command is currently on cooldown.
[16:54:50] Ignoring exception at CommandNotFound. Details: This command does not exist.
[16:54:50] Ignoring exception at CommandNotFound. Details: This command does not exist.
[13:41:07] Ignoring exception at CommandOnCooldown. Details: This command is currently on cooldown.
[13:41:07] Ignoring exception at CommandNotFound. Details: This command does not exist.
[13:41:07] Ignoring exception at CommandOnCooldown. Details: This command is currently on cooldown.
[13:41:07] Ignoring exception at CommandOnCooldown. Details: This command is currently on cooldown.
[13:41:07] Ignoring exception at CommandNotFound. Details: This command does not exist.
[13:41:07] Ignoring exception at CommandNotFound. Details: This command does not exist.
[13:41:07] Ignoring exception at CommandOnCooldown. Details: This command is currently on cooldown.
[13:41:07] Ignoring exception at CommandNotFound. Details: This command does not exist.
[13:41:07] Ignoring exception at CommandNotFound. Details: This command does not exist.
[13:41:07] Ignoring exception at CommandNotFound. Details: This command does not exist.
[13:41:07] Ignoring exception at CommandNotFound. Details: This command does not exist.
[13:41:07] Ignoring exception at CommandNotFound. Details: This command does not exist.
[13:41:07] Ignoring exception at CommandNotFound. Details: This command does not exist.
[13:41:07] Ignoring exception at CommandNotFound. Details: This command does not exist.
[13:41:07] Ignoring exception at CommandOnCooldown. Details: This command is currently on cooldown.
[13:41:07] Ignoring exception at CommandOnCooldown. Details: This command is currently on cooldown.
[13:41:07] Ignoring exception at CommandOnCooldown. Details: This command is currently on cooldown.
[13:41:07] Ignoring exception at CommandOnCooldown. Details: This command is currently on cooldown.
[13:41:07] Ignoring exception at CommandOnCooldown. Details: This command is currently on cooldown.
[13:41:07] Ignoring exception at CommandOnCooldown. Details: This command is currently on cooldown.
[13:41:07] Ignoring exception at CommandOnCooldown. Details: This command is currently on cooldown.
[13:41:07] Ignoring exception at CommandNotFound. Details: This command does not exist.
[13:41:07] Ignoring exception at CommandOnCooldown. Details: This command is currently on cooldown.
[13:41:07] Ignoring exception at CommandOnCooldown. Details: This command is currently on cooldown.
[13:41:07] Ignoring exception at CommandOnCooldown. Details: This command is currently on cooldown.
[13:41:07] Ignoring exception at CommandOnCooldown. Details: This command is currently on cooldown.
[13:41:07] Ignoring exception at CommandOnCooldown. Details: This command is currently on cooldown.
[13:41:07] Ignoring exception at CommandOnCooldown. Details: This command is currently on cooldown.
[13:41:07] Ignoring exception at CommandOnCooldown. Details: This command is currently on cooldown.
[13:41:07] Ignoring exception at CommandOnCooldown. Details: This command is currently on cooldown.
[13:41:07] Ignoring exception at CommandOnCooldown. Details: This command is currently on cooldown.
[13:41:07] Ignoring exception at CommandNotFound. Details: This command does not exist.
[13:41:07] Ignoring exception at CommandNotFound. Details: This command does not exist.
[13:41:07] Ignoring exception at CommandNotFound. Details: This command does not exist.
[13:41:07] Ignoring exception at CommandNotFound. Details: This command does not exist.
[13:41:07] Ignoring exception at CommandNotFound. Details: This command does not exist.
[13:41:07] Ignoring exception at CommandNotFound. Details: This command does not exist.
[13:41:07] Ignoring exception at CommandNotFound. Details: This command does not exist.
[13:41:07] Ignoring exception at CommandNotFound. Details: This command does not exist.
[13:41:07] Ignoring exception at CommandNotFound. Details: This command does not exist.
[13:41:07] Ignoring exception at CommandNotFound. Details: This command does not exist.
[13:41:07] Ignoring exception at CommandNotFound. Details: This command does not exist.
[13:41:07] Ignoring exception at CommandNotFound. Details: This command does not exist.
[13:41:07] Ignoring exception at CommandNotFound. Details: This command does not exist.
[13:41:07] Ignoring exception at CommandNotFound. Details: This command does not exist.
[13:41:07] Ignoring exception at CommandNotFound. Details: This command does not exist.
[13:41:07] Ignoring exception at CommandNotFound. Details: This command does not exist.
[13:41:07] Ignoring exception at CommandNotFound. Details: This command does not exist.
[13:41:07] Ignoring exception at CommandNotFound. Details: This command does not exist.
[13:41:07] Ignoring exception at CommandNotFound. Details: This command does not exist.
[17:05:36] Ignoring exception at CommandNotFound. Details: This command does not exist.
[17:05:36] Ignoring exception at CommandOnCooldown. Details: This command is currently on cooldown.
[17:05:36] Ignoring exception at CommandOnCooldown. Details: This command is currently on cooldown.
[17:05:36] Ignoring exception at CommandNotFound. Details: This command does not exist.
[17:05:36] Ignoring exception at CommandNotFound. Details: This command does not exist.
[17:05:36] Ignoring exception at CommandOnCooldown. Details: This command is currently on cooldown.
[17:05:36] Ignoring exception at CommandOnCooldown. Details: This command is currently on cooldown.
[17:05:36] Ignoring exception at CommandOnCooldown. Details: This command is currently on cooldown.
[17:05:36] Ignoring exception at CommandOnCooldown. Details: This command is currently on cooldown.
[17:05:36] Ignoring exception at CommandNotFound. Details: This command does not exist.
[17:05:36] Ignoring exception at CommandNotFound. Details: This command does not exist.
[17:05:36] Ignoring exception at CommandNotFound. Details: This command does not exist.
[17:05:36] Ignoring exception at CommandNotFound. Details: This command does not exist.
[17:05:36] Ignoring exception at CommandNotFound. Details: This command does not exist.
[17:05:36] Ignoring exception at CommandNotFound. Details: This command does not exist.
[17:05:36] Ignoring exception at CommandNotFound. Details: This command does not exist.
[17:05:36] Ignoring exception at CommandNotFound. Details: This command does not exist.
[17:05:36] Ignoring exception at CommandNotFound. Details: This command does not exist.
[17:05:36] Ignoring exception at CommandNotFound. Details: This command does not exist.
[17:05:36] Ignoring exception at CommandOnCooldown. Details: This command is currently on cooldown.
[17:05:36] Ignoring exception at CommandNotFound. Details: This command does not exist.
[17:05:36] Ignoring exception at CommandNotFound. Details: This command does not exist.
[17:05:36] Ignoring exception at CommandNotFound. Details: This command does not exist.
[17:05:36] Ignoring exception at CommandNotFound. Details: This command does not exist.
[07:39:55] Ignoring exception at CommandNotFound. Details: This command does not exist.
[07:39:55] Ignoring exception at CommandNotFound. Details: This command does not exist.
[07:39:55] Ignoring exception at CommandNotFound. Details: This command does not exist.
[07:39:55] Ignoring exception at CommandNotFound. Details: This command does not exist.
[07:39:55] Ignoring exception at CommandNotFound. Details: This command does not exist.
[07:39:55] Ignoring exception at CommandNotFound. Details: This command does not exist.
[03:37:05] Ignoring exception at CommandNotFound. Details: This command does not exist.
[16:17:39] Ignoring exception at CommandNotFound. Details: This command does not exist.
[16:17:39] Ignoring exception at CommandNotFound. Details: This command does not exist.
[07:38:42] Ignoring exception at CommandNotFound. Details: This command does not exist.
[05:40:52] Ignoring exception at CommandNotFound. Details: This command does not exist.
[05:40:52] Ignoring exception at CommandNotFound. Details: This command does not exist.
[05:40:52] Ignoring exception at CommandNotFound. Details: This command does not exist.
[01:58:14] Ignoring exception at CommandOnCooldown. Details: This command is currently on cooldown.
[01:58:14] Ignoring exception at CommandNotFound. Details: This command does not exist.
[01:58:14] Ignoring exception at CommandNotFound. Details: This command does not exist.
[01:58:14] Ignoring exception at CommandNotFound. Details: This command does not exist.
[05:10:56] Ignoring exception at CommandNotFound. Details: This command does not exist.
[19:20:27] Ignoring exception at CommandNotFound. Details: This command does not exist.
[19:20:27] Ignoring exception at CommandNotFound. Details: This command does not exist.
[19:20:27] Ignoring exception at CommandNotFound. Details: This command does not exist.
